Archive member included to satisfy reference by file (symbol)

/home/tomas/.local/share/vex/20190124_15_51_00/vexv5/libv5rt.a(v5_startup.c.obj)
                              (vexStartup)
/home/tomas/.local/share/vex/20190124_15_51_00/vexv5/libv5rt.a(v5_util.c.obj)
                              /home/tomas/.local/share/vex/20190124_15_51_00/vexv5/libv5rt.a(v5_startup.c.obj) (vexStdlibVersionLinked)
/home/tomas/.local/share/vex/20190124_15_51_00/vexv5/libv5rt.a(v5_apijump.c.obj)
                              /home/tomas/.local/share/vex/20190124_15_51_00/vexv5/libv5rt.a(v5_startup.c.obj) (vexPrivateApiEnable)
/home/tomas/.local/share/vex/20190124_15_51_00/vexv5/libv5rt.a(v5_apiversions.c.obj)
                              /home/tomas/.local/share/vex/20190124_15_51_00/vexv5/libv5rt.a(v5_apijump.c.obj) (vexSystemVersion)
/home/tomas/.local/share/vex/20190124_15_51_00/vexv5/libv5rt.a(vex_task.cpp.obj)
                              build/src/main.o (vex::task::sleep(unsigned long))
/home/tomas/.local/share/vex/20190124_15_51_00/vexv5/libv5rt.a(vex_brain.cpp.obj)
                              build/src/main.o (vex::brain::~brain())
/home/tomas/.local/share/vex/20190124_15_51_00/vexv5/libv5rt.a(vex_competition.cpp.obj)
                              build/src/main.o (vex::competition::competition())
/home/tomas/.local/share/vex/20190124_15_51_00/vexv5/libv5rt.a(vex_triport.cpp.obj)
                              /home/tomas/.local/share/vex/20190124_15_51_00/vexv5/libv5rt.a(vex_brain.cpp.obj) (vex::triport::~triport())
/home/tomas/.local/share/vex/20190124_15_51_00/vexv5/libv5rt.a(vex_color.cpp.obj)
                              /home/tomas/.local/share/vex/20190124_15_51_00/vexv5/libv5rt.a(vex_brain.cpp.obj) (vex::color::operator unsigned long() const)
/home/tomas/.local/share/vex/20190124_15_51_00/vexv5/libv5rt.a(vex_timer.cpp.obj)
                              /home/tomas/.local/share/vex/20190124_15_51_00/vexv5/libv5rt.a(vex_brain.cpp.obj) (vex::timer::~timer())
/home/tomas/.local/share/vex/20190124_15_51_00/vexv5/libv5rt.a(v5_apiuser.c.obj)
                              /home/tomas/.local/share/vex/20190124_15_51_00/vexv5/libv5rt.a(vex_triport.cpp.obj) (vexAdiPortConfigSet)
/home/tomas/.local/share/vex/20190124_15_51_00/vexv5/libv5rt.a(vex_global.cpp.obj)
                              /home/tomas/.local/share/vex/20190124_15_51_00/vexv5/libv5rt.a(vex_brain.cpp.obj) (vex::PORT22)
/home/tomas/.local/share/vex/20190124_15_51_00/vexv5/libv5rt.a(vex_device.cpp.obj)
                              /home/tomas/.local/share/vex/20190124_15_51_00/vexv5/libv5rt.a(vex_triport.cpp.obj) (vex::device::value())
/home/tomas/.local/share/vex/20190124_15_51_00/vexv5/libv5rt.a(vex_event.cpp.obj)
                              /home/tomas/.local/share/vex/20190124_15_51_00/vexv5/libv5rt.a(vex_brain.cpp.obj) (vex::event::init(unsigned long, unsigned long, void (*)()))
/home/tomas/.local/share/vex/20190124_15_51_00/vexv5/libv5rt.a(vex_mevent.cpp.obj)
                              /home/tomas/.local/share/vex/20190124_15_51_00/vexv5/libv5rt.a(vex_brain.cpp.obj) (vex::mevent::mevent(unsigned long, unsigned long))
/home/tomas/.local/share/vex/20190124_15_51_00/vexv5/gcc/libs/libc.a(lib_a-fini.o)
                              /home/tomas/.local/share/vex/20190124_15_51_00/vexv5/libv5rt.a(v5_startup.c.obj) (__libc_fini_array)
/home/tomas/.local/share/vex/20190124_15_51_00/vexv5/gcc/libs/libc.a(lib_a-impure.o)
                              /home/tomas/.local/share/vex/20190124_15_51_00/vexv5/libv5rt.a(v5_startup.c.obj) (_impure_ptr)
/home/tomas/.local/share/vex/20190124_15_51_00/vexv5/gcc/libs/libc.a(lib_a-init.o)
                              /home/tomas/.local/share/vex/20190124_15_51_00/vexv5/libv5rt.a(v5_startup.c.obj) (__libc_init_array)
/home/tomas/.local/share/vex/20190124_15_51_00/vexv5/gcc/libs/libc.a(lib_a-tolower.o)
                              /home/tomas/.local/share/vex/20190124_15_51_00/vexv5/libv5rt.a(vex_brain.cpp.obj) (tolower)
/home/tomas/.local/share/vex/20190124_15_51_00/vexv5/gcc/libs/libc.a(lib_a-ctype_.o)
                              /home/tomas/.local/share/vex/20190124_15_51_00/vexv5/gcc/libs/libc.a(lib_a-tolower.o) (__ctype_ptr__)

Allocating common symbols
Common symbol       size              file

__vex_critical_section
                    0x1               /home/tomas/.local/share/vex/20190124_15_51_00/vexv5/libv5rt.a(v5_startup.c.obj)

Discarded input sections

 .text          0x00000000        0x0 build/src/main.o
 .llvm_addrsig  0x00000000        0x6 build/src/main.o
 .text          0x00000000        0x0 /home/tomas/.local/share/vex/20190124_15_51_00/vexv5/libv5rt.a(v5_startup.c.obj)
 .data          0x00000000        0x0 /home/tomas/.local/share/vex/20190124_15_51_00/vexv5/libv5rt.a(v5_startup.c.obj)
 .bss           0x00000000        0x0 /home/tomas/.local/share/vex/20190124_15_51_00/vexv5/libv5rt.a(v5_startup.c.obj)
 .text.__cyg_profile_func_enter
[...]
Memory Configuration

Name             Origin             Length             Attributes
ps7_ddr_0_S_AXI_BASEADDR 0x03800000         0x04800000
*default*        0x00000000         0xffffffff

Linker script and memory map

                0x00002000                        _STACK_SIZE = DEFINED (_STACK_SIZE)?_STACK_SIZE:0x2000
                0x00100000                        _HEAP_SIZE = DEFINED (_HEAP_SIZE)?_HEAP_SIZE:0x100000
                0x00000400                        _ABORT_STACK_SIZE = DEFINED (_ABORT_STACK_SIZE)?_ABORT_STACK_SIZE:0x400
                0x00000800                        _SUPERVISOR_STACK_SIZE = DEFINED (_SUPERVISOR_STACK_SIZE)?_SUPERVISOR_STACK_SIZE:0x800
                0x00000400                        _IRQ_STACK_SIZE = DEFINED (_IRQ_STACK_SIZE)?_IRQ_STACK_SIZE:0x400
                0x00000400                        _FIQ_STACK_SIZE = DEFINED (_FIQ_STACK_SIZE)?_FIQ_STACK_SIZE:0x400
                0x00000400                        _UNDEF_STACK_SIZE = DEFINED (_UNDEF_STACK_SIZE)?_UNDEF_STACK_SIZE:0x400

.text           0x03800000     0x14a8
 *(.vectors)
 *(.boot_data)
 .boot_data     0x03800000       0x20 /home/tomas/.local/share/vex/20190124_15_51_00/vexv5/libv5rt.a(v5_startup.c.obj)
                0x03800000                vexCodeSig
                0x00000020                        . = 0x20
 *(.boot)
 .boot          0x03800020       0xb4 /home/tomas/.local/share/vex/20190124_15_51_00/vexv5/libv5rt.a(v5_startup.c.obj)
                0x03800020                vexStartup
                0x03800100                        . = ALIGN (0x40)
 *fill*         0x038000d4       0x2c 
 *(.freertos_vectors)
 *(.text)
 *(.text.*)
 .text.main     0x03800100       0x34 build/src/main.o
                0x03800100                main
 .text._ZL10autonomousv
                0x03800134        0x4 build/src/main.o
 .text._ZL11usercontrolv
                0x03800138        0xc build/src/main.o
 .text._GLOBAL__sub_I_main.cpp
                0x03800144       0x58 build/src/main.o
 .text.vexMain  0x0380019c       0xb0 /home/tomas/.local/share/vex/20190124_15_51_00/vexv5/libv5rt.a(v5_startup.c.obj)
                0x0380019c                vexMain
 .text.__vex_function_prolog
                0x0380024c       0x18 /home/tomas/.local/share/vex/20190124_15_51_00/vexv5/libv5rt.a(v5_startup.c.obj)
                0x0380024c                __vex_function_prolog
 .text._init    0x03800264        0x4 /home/tomas/.local/share/vex/20190124_15_51_00/vexv5/libv5rt.a(v5_startup.c.obj)
                0x03800264                _init
 .text._fini    0x03800268        0x4 /home/tomas/.local/share/vex/20190124_15_51_00/vexv5/libv5rt.a(v5_startup.c.obj)
                0x03800268                _fini
 .text.vexStdlibVersionLinked
                0x0380026c        0xc /home/tomas/.local/share/vex/20190124_15_51_00/vexv5/libv5rt.a(v5_util.c.obj)
                0x0380026c                vexStdlibVersionLinked
 .text.vexStdlibVersionVerify
                0x03800278       0x30 /home/tomas/.local/share/vex/20190124_15_51_00/vexv5/libv5rt.a(v5_util.c.obj)
                0x03800278                vexStdlibVersionVerify
 .text.vexPrivateApiEnable
                0x038002a8       0x10 /home/tomas/.local/share/vex/20190124_15_51_00/vexv5/libv5rt.a(v5_apijump.c.obj)
                0x038002a8                vexPrivateApiEnable
 .text.vexStdlibMismatchError
                0x038002b8       0x3c /home/tomas/.local/share/vex/20190124_15_51_00/vexv5/libv5rt.a(v5_apijump.c.obj)
                0x038002b8                vexStdlibMismatchError
 .text.vexTaskAdd
                0x038002f4       0x10 /home/tomas/.local/share/vex/20190124_15_51_00/vexv5/libv5rt.a(v5_apijump.c.obj)
                0x038002f4                vexTaskAdd
 .text.vexTaskStop
                0x03800304       0x10 /home/tomas/.local/share/vex/20190124_15_51_00/vexv5/libv5rt.a(v5_apijump.c.obj)
                0x03800304                vexTaskStop
 .text.vexTasksRun
                0x03800314       0x10 /home/tomas/.local/share/vex/20190124_15_51_00/vexv5/libv5rt.a(v5_apijump.c.obj)
                0x03800314                vexTasksRun
 .text.vexTaskYield
                0x03800324       0x10 /home/tomas/.local/share/vex/20190124_15_51_00/vexv5/libv5rt.a(v5_apijump.c.obj)
                0x03800324                vexTaskYield
 .text.vexTaskCheckTimeslice
                0x03800334       0x10 /home/tomas/.local/share/vex/20190124_15_51_00/vexv5/libv5rt.a(v5_apijump.c.obj)
                0x03800334                vexTaskCheckTimeslice
 .text.vexTaskSleep
                0x03800344       0x10 /home/tomas/.local/share/vex/20190124_15_51_00/vexv5/libv5rt.a(v5_apijump.c.obj)
                0x03800344                vexTaskSleep
 .text.vexTasksDump
                0x03800354       0x1c /home/tomas/.local/share/vex/20190124_15_51_00/vexv5/libv5rt.a(v5_apijump.c.obj)
                0x03800354                vexTasksDump
 .text.vexTaskGetTaskIndex
                0x03800370       0x10 /home/tomas/.local/share/vex/20190124_15_51_00/vexv5/libv5rt.a(v5_apijump.c.obj)
                0x03800370                vexTaskGetTaskIndex
 .text.vexTaskStopAll
                0x03800380       0x10 /home/tomas/.local/share/vex/20190124_15_51_00/vexv5/libv5rt.a(v5_apijump.c.obj)
                0x03800380                vexTaskStopAll
 .text.vexTaskRemoveAllUser
                0x03800390       0x34 /home/tomas/.local/share/vex/20190124_15_51_00/vexv5/libv5rt.a(v5_apijump.c.obj)
                0x03800390                vexTaskRemoveAllUser
 .text.vexTaskCompletionIdSet
                0x038003c4       0x10 /home/tomas/.local/share/vex/20190124_15_51_00/vexv5/libv5rt.a(v5_apijump.c.obj)
                0x038003c4                vexTaskCompletionIdSet
 .text.vexEventAdd
                0x038003d4       0x34 /home/tomas/.local/share/vex/20190124_15_51_00/vexv5/libv5rt.a(v5_apijump.c.obj)
                0x038003d4                vexEventAdd
 .text.vexEventUserIndexGet
                0x03800408       0x1c /home/tomas/.local/share/vex/20190124_15_51_00/vexv5/libv5rt.a(v5_apijump.c.obj)
                0x03800408                vexEventUserIndexGet
 .text.vexEventAddWithArg
                0x03800424       0x3c /home/tomas/.local/share/vex/20190124_15_51_00/vexv5/libv5rt.a(v5_apijump.c.obj)
                0x03800424                vexEventAddWithArg
 .text.vexEventsCleanup
                0x03800460       0x2c /home/tomas/.local/share/vex/20190124_15_51_00/vexv5/libv5rt.a(v5_apijump.c.obj)
                0x03800460                vexEventsCleanup
 .text.vexDebug
                0x0380048c       0x38 /home/tomas/.local/share/vex/20190124_15_51_00/vexv5/libv5rt.a(v5_apijump.c.obj)
                0x0380048c                vexDebug
 .text.vex_sprintf
                0x038004c4       0x40 /home/tomas/.local/share/vex/20190124_15_51_00/vexv5/libv5rt.a(v5_apijump.c.obj)
                0x038004c4                vex_sprintf
 .text.vexSystemTimeGet
                0x03800504       0x1c /home/tomas/.local/share/vex/20190124_15_51_00/vexv5/libv5rt.a(v5_apijump.c.obj)
                0x03800504                vexSystemTimeGet
 .text.vexSystemExitRequest
                0x03800520       0x1c /home/tomas/.local/share/vex/20190124_15_51_00/vexv5/libv5rt.a(v5_apijump.c.obj)
                0x03800520                vexSystemExitRequest
 .text.vexDeviceGetByIndex
                0x0380053c       0x24 /home/tomas/.local/share/vex/20190124_15_51_00/vexv5/libv5rt.a(v5_apijump.c.obj)
                0x0380053c                vexDeviceGetByIndex
 .text.vexDeviceAdiPortConfigSet
                0x03800560       0x34 /home/tomas/.local/share/vex/20190124_15_51_00/vexv5/libv5rt.a(v5_apijump.c.obj)
                0x03800560                vexDeviceAdiPortConfigSet
 .text.vexDisplayForegroundColor
                0x03800594       0x24 /home/tomas/.local/share/vex/20190124_15_51_00/vexv5/libv5rt.a(v5_apijump.c.obj)
                0x03800594                vexDisplayForegroundColor
 .text.vexDisplayBackgroundColor
                0x038005b8       0x24 /home/tomas/.local/share/vex/20190124_15_51_00/vexv5/libv5rt.a(v5_apijump.c.obj)
                0x038005b8                vexDisplayBackgroundColor
 .text.vexDisplayTextReference
                0x038005dc       0x24 /home/tomas/.local/share/vex/20190124_15_51_00/vexv5/libv5rt.a(v5_apijump.c.obj)
                0x038005dc                vexDisplayTextReference
 .text.vexDisplayTextSize
                0x03800600       0x2c /home/tomas/.local/share/vex/20190124_15_51_00/vexv5/libv5rt.a(v5_apijump.c.obj)
                0x03800600                vexDisplayTextSize
 .text.vexDisplayFontNamedSet
                0x0380062c       0x24 /home/tomas/.local/share/vex/20190124_15_51_00/vexv5/libv5rt.a(v5_apijump.c.obj)
                0x0380062c                vexDisplayFontNamedSet
 .text.vexSystemStdlibImpureDataAddr
                0x03800650       0x28 /home/tomas/.local/share/vex/20190124_15_51_00/vexv5/libv5rt.a(v5_apijump.c.obj)
                0x03800650                vexSystemStdlibImpureDataAddr
 .text.vexSystemStdlibImpureDataSize
                0x03800678       0x28 /home/tomas/.local/share/vex/20190124_15_51_00/vexv5/libv5rt.a(v5_apijump.c.obj)
                0x03800678                vexSystemStdlibImpureDataSize
 .text.vexDisplayThemeIdGet
                0x038006a0       0x38 /home/tomas/.local/share/vex/20190124_15_51_00/vexv5/libv5rt.a(v5_apijump.c.obj)
                0x038006a0                vexDisplayThemeIdGet
 .text.vexDeviceEventMaskSet
                0x038006d8       0x48 /home/tomas/.local/share/vex/20190124_15_51_00/vexv5/libv5rt.a(v5_apijump.c.obj)
                0x038006d8                vexDeviceEventMaskSet
 .text.vexDeviceEventMaskGet
                0x03800720       0x3c /home/tomas/.local/share/vex/20190124_15_51_00/vexv5/libv5rt.a(v5_apijump.c.obj)
                0x03800720                vexDeviceEventMaskGet
 .text.vexSystemVersion
                0x0380075c       0x10 /home/tomas/.local/share/vex/20190124_15_51_00/vexv5/libv5rt.a(v5_apiversions.c.obj)
                0x0380075c                vexSystemVersion
 .text.vexStdlibVersion
                0x0380076c       0x10 /home/tomas/.local/share/vex/20190124_15_51_00/vexv5/libv5rt.a(v5_apiversions.c.obj)
                0x0380076c                vexStdlibVersion
 .text._ZN3vex4taskC2EPFivE
                0x0380077c       0x54 /home/tomas/.local/share/vex/20190124_15_51_00/vexv5/libv5rt.a(vex_task.cpp.obj)
                0x0380077c                vex::task::task(int (*)())
                0x0380077c                vex::task::task(int (*)())
 .text._ZN3vex4taskD2Ev
                0x038007d0        0x4 /home/tomas/.local/share/vex/20190124_15_51_00/vexv5/libv5rt.a(vex_task.cpp.obj)
                0x038007d0                vex::task::~task()
                0x038007d0                vex::task::~task()
 .text._ZN3vex4task4stopEPFivE
                0x038007d4        0xc /home/tomas/.local/share/vex/20190124_15_51_00/vexv5/libv5rt.a(vex_task.cpp.obj)
                0x038007d4                vex::task::stop(int (*)())
 .text._ZN3vex4task5sleepEm
                0x038007e0        0x4 /home/tomas/.local/share/vex/20190124_15_51_00/vexv5/libv5rt.a(vex_task.cpp.obj)
                0x038007e0                vex::task::sleep(unsigned long)
 .text._ZN3vex4task6_indexEPFivE
                0x038007e4       0x14 /home/tomas/.local/share/vex/20190124_15_51_00/vexv5/libv5rt.a(vex_task.cpp.obj)
                0x038007e4                vex::task::_index(int (*)())
 .text._ZN3vex4task8_stopAllEv
                0x038007f8       0x3c /home/tomas/.local/share/vex/20190124_15_51_00/vexv5/libv5rt.a(vex_task.cpp.obj)
                0x038007f8                vex::task::_stopAll()
 .text._ZN3vex5brainD2Ev
                0x03800834       0x20 /home/tomas/.local/share/vex/20190124_15_51_00/vexv5/libv5rt.a(vex_brain.cpp.obj)
                0x03800834                vex::brain::~brain()
                0x03800834                vex::brain::~brain()
 .text._ZN3vex5brain9_getIndexEv
                0x03800854       0x10 /home/tomas/.local/share/vex/20190124_15_51_00/vexv5/libv5rt.a(vex_brain.cpp.obj)
                0x03800854                vex::brain::_getIndex()
 .text._ZN3vex5brain3lcd9setCursorEll
                0x03800864       0x44 /home/tomas/.local/share/vex/20190124_15_51_00/vexv5/libv5rt.a(vex_brain.cpp.obj)
                0x03800864                vex::brain::lcd::setCursor(long, long)
 .text._ZN3vex5brain3lcd7setFontENS_8fontTypeE
                0x038008a8      0x228 /home/tomas/.local/share/vex/20190124_15_51_00/vexv5/libv5rt.a(vex_brain.cpp.obj)
                0x038008a8                vex::brain::lcd::setFont(vex::fontType)
 .text._ZN3vex5brain3lcdC2Ev
                0x03800ad0       0x94 /home/tomas/.local/share/vex/20190124_15_51_00/vexv5/libv5rt.a(vex_brain.cpp.obj)
                0x03800ad0                vex::brain::lcd::lcd()
                0x03800ad0                vex::brain::lcd::lcd()
 .text._ZN3vex5brainC2Ev
                0x03800b64       0x40 /home/tomas/.local/share/vex/20190124_15_51_00/vexv5/libv5rt.a(vex_brain.cpp.obj)
                0x03800b64                vex::brain::brain()
                0x03800b64                vex::brain::brain()
 .text._ZN3vex11competition8_disableEPv
                0x03800ba4       0x9c /home/tomas/.local/share/vex/20190124_15_51_00/vexv5/libv5rt.a(vex_competition.cpp.obj)
                0x03800ba4                vex::competition::_disable(void*)
 .text._ZN3vex11competition11_autonomousEv
                0x03800c40       0x7c /home/tomas/.local/share/vex/20190124_15_51_00/vexv5/libv5rt.a(vex_competition.cpp.obj)
                0x03800c40                vex::competition::_autonomous()
 .text._ZN3vex11competition14_drivercontrolEv
                0x03800cbc       0x7c /home/tomas/.local/share/vex/20190124_15_51_00/vexv5/libv5rt.a(vex_competition.cpp.obj)
                0x03800cbc                vex::competition::_drivercontrol()
 .text._ZN3vex11competitionC2Ev
                0x03800d38      0x13c /home/tomas/.local/share/vex/20190124_15_51_00/vexv5/libv5rt.a(vex_competition.cpp.obj)
                0x03800d38                vex::competition::competition()
                0x03800d38                vex::competition::competition()
 .text._ZN3vex11competitionD2Ev
                0x03800e74        0x4 /home/tomas/.local/share/vex/20190124_15_51_00/vexv5/libv5rt.a(vex_competition.cpp.obj)
                0x03800e74                vex::competition::~competition()
                0x03800e74                vex::competition::~competition()
 .text._ZN3vex11competition10autonomousEPFvvE
                0x03800e78       0x44 /home/tomas/.local/share/vex/20190124_15_51_00/vexv5/libv5rt.a(vex_competition.cpp.obj)
                0x03800e78                vex::competition::autonomous(void (*)())
 .text._ZN3vex11competition13drivercontrolEPFvvE
                0x03800ebc       0x44 /home/tomas/.local/share/vex/20190124_15_51_00/vexv5/libv5rt.a(vex_competition.cpp.obj)
                0x03800ebc                vex::competition::drivercontrol(void (*)())
 .text._ZN3vex7triport9installedEv
                0x03800f00       0x18 /home/tomas/.local/share/vex/20190124_15_51_00/vexv5/libv5rt.a(vex_triport.cpp.obj)
                0x03800f00                vex::triport::installed()
 .text._ZN3vex7triportD2Ev
                0x03800f18       0x38 /home/tomas/.local/share/vex/20190124_15_51_00/vexv5/libv5rt.a(vex_triport.cpp.obj)
                0x03800f18                vex::triport::~triport()
                0x03800f18                vex::triport::~triport()
 .text._ZN3vex7triport4portC2ElPS0_
                0x03800f50       0x90 /home/tomas/.local/share/vex/20190124_15_51_00/vexv5/libv5rt.a(vex_triport.cpp.obj)
                0x03800f50                vex::triport::port::port(long, vex::triport*)
                0x03800f50                vex::triport::port::port(long, vex::triport*)
 .text._ZN3vex7triportC2El
                0x03800fe0       0xf0 /home/tomas/.local/share/vex/20190124_15_51_00/vexv5/libv5rt.a(vex_triport.cpp.obj)
                0x03800fe0                vex::triport::triport(long)
                0x03800fe0                vex::triport::triport(long)
 .text.startup._GLOBAL__sub_I__ZN3vex7triportC2El
                0x038010d0       0x30 /home/tomas/.local/share/vex/20190124_15_51_00/vexv5/libv5rt.a(vex_triport.cpp.obj)
 .text._ZN3vex5colorD2Ev
                0x03801100        0x4 /home/tomas/.local/share/vex/20190124_15_51_00/vexv5/libv5rt.a(vex_color.cpp.obj)
                0x03801100                vex::color::~color()
                0x03801100                vex::color::~color()
 .text.startup._GLOBAL__sub_I__ZN3vex5color5blackE
                0x03801104      0x164 /home/tomas/.local/share/vex/20190124_15_51_00/vexv5/libv5rt.a(vex_color.cpp.obj)
 .text._ZN3vex5timerD2Ev
                0x03801268        0x4 /home/tomas/.local/share/vex/20190124_15_51_00/vexv5/libv5rt.a(vex_timer.cpp.obj)
                0x03801268                vex::timer::~timer()
                0x03801268                vex::timer::~timer()
 .text._ZN3vex5timer5clearEv
                0x0380126c       0x1c /home/tomas/.local/share/vex/20190124_15_51_00/vexv5/libv5rt.a(vex_timer.cpp.obj)
                0x0380126c                vex::timer::clear()
 .text._ZN3vex5timerC2Ev
                0x03801288       0x14 /home/tomas/.local/share/vex/20190124_15_51_00/vexv5/libv5rt.a(vex_timer.cpp.obj)
                0x03801288                vex::timer::timer()
                0x03801288                vex::timer::timer()
 .text.vexAdiPortConfigSet
                0x0380129c       0x28 /home/tomas/.local/share/vex/20190124_15_51_00/vexv5/libv5rt.a(v5_apiuser.c.obj)
                0x0380129c                vexAdiPortConfigSet
 .text.vexEventMaskSet
                0x038012c4       0x28 /home/tomas/.local/share/vex/20190124_15_51_00/vexv5/libv5rt.a(v5_apiuser.c.obj)
                0x038012c4                vexEventMaskSet
 .text.vexEventMaskGet
                0x038012ec       0x18 /home/tomas/.local/share/vex/20190124_15_51_00/vexv5/libv5rt.a(v5_apiuser.c.obj)
                0x038012ec                vexEventMaskGet
 .text._ZN3vex6device5valueEv
                0x03801304        0x8 /home/tomas/.local/share/vex/20190124_15_51_00/vexv5/libv5rt.a(vex_device.cpp.obj)
                0x03801304                vex::device::value()
 .text._ZN3vex6deviceD2Ev
                0x0380130c        0x4 /home/tomas/.local/share/vex/20190124_15_51_00/vexv5/libv5rt.a(vex_device.cpp.obj)
                0x0380130c                vex::device::~device()
                0x0380130c                vex::device::~device()
 .text._ZN3vex6device4initEl
                0x03801310       0x30 /home/tomas/.local/share/vex/20190124_15_51_00/vexv5/libv5rt.a(vex_device.cpp.obj)
                0x03801310                vex::device::init(long)
 .text._ZN3vex6deviceC2El
                0x03801340       0x20 /home/tomas/.local/share/vex/20190124_15_51_00/vexv5/libv5rt.a(vex_device.cpp.obj)
                0x03801340                vex::device::device(long)
                0x03801340                vex::device::device(long)
 .text._ZN3vex6device4typeEv
                0x03801360       0x10 /home/tomas/.local/share/vex/20190124_15_51_00/vexv5/libv5rt.a(vex_device.cpp.obj)
                0x03801360                vex::device::type()
 .text._ZN3vex6device9installedEv
                0x03801370       0x14 /home/tomas/.local/share/vex/20190124_15_51_00/vexv5/libv5rt.a(vex_device.cpp.obj)
                0x03801370                vex::device::installed()
 .text._ZN3vex5event4initEmmPFvvE
                0x03801384        0x4 /home/tomas/.local/share/vex/20190124_15_51_00/vexv5/libv5rt.a(vex_event.cpp.obj)
                0x03801384                vex::event::init(unsigned long, unsigned long, void (*)())
 .text._ZN3vex5event4initEmmPFvPvES1_
                0x03801388        0x4 /home/tomas/.local/share/vex/20190124_15_51_00/vexv5/libv5rt.a(vex_event.cpp.obj)
                0x03801388                vex::event::init(unsigned long, unsigned long, void (*)(void*), void*)
 .text._ZN3vex5event9userindexEv
                0x0380138c        0x4 /home/tomas/.local/share/vex/20190124_15_51_00/vexv5/libv5rt.a(vex_event.cpp.obj)
                0x0380138c                vex::event::userindex()
 .text._ZZN3vex6meventC4EmmENUlvE_4_FUNEv
                0x03801390        0x4 /home/tomas/.local/share/vex/20190124_15_51_00/vexv5/libv5rt.a(vex_mevent.cpp.obj)
 .text._ZN3vex6meventC2Emm
                0x03801394       0x70 /home/tomas/.local/share/vex/20190124_15_51_00/vexv5/libv5rt.a(vex_mevent.cpp.obj)
                0x03801394                vex::mevent::mevent(unsigned long, unsigned long)
                0x03801394                vex::mevent::mevent(unsigned long, unsigned long)
 .text.__libc_fini_array
                0x03801404       0x30 /home/tomas/.local/share/vex/20190124_15_51_00/vexv5/gcc/libs/libc.a(lib_a-fini.o)
                0x03801404                __libc_fini_array
 .text.__libc_init_array
                0x03801434       0x58 /home/tomas/.local/share/vex/20190124_15_51_00/vexv5/gcc/libs/libc.a(lib_a-init.o)
                0x03801434                __libc_init_array
 *fill*         0x0380148c        0x4 
 .text.__libc_init_array.__stub
                0x03801490       0x18 linker stubs
 *(.gnu.linkonce.t.*)
 *(.plt)
 *(.gnu_warning)
 *(.gcc_except_table)
 *(.glue_7)
 .glue_7        0x038014a8        0x0 linker stubs
 *(.glue_7t)
 .glue_7t       0x038014a8        0x0 linker stubs
 *(.vfp11_veneer)
 .vfp11_veneer  0x038014a8        0x0 linker stubs
 *(.ARM.extab)
 *(.gnu.linkonce.armextab.*)

.v4_bx          0x038014a8        0x0
 .v4_bx         0x038014a8        0x0 linker stubs

.iplt           0x038014a8        0x0
 .iplt          0x038014a8        0x0 build/src/main.o

.init
 *(.init)

.fini
 *(.fini)

.rodata         0x038014a8       0x82
                0x038014a8                        __rodata_start = .
 *(.rodata)
 *(.rodata.*)
 .rodata.str1.1
                0x038014a8       0x52 /home/tomas/.local/share/vex/20190124_15_51_00/vexv5/libv5rt.a(v5_startup.c.obj)
                                 0x2e (size before relaxing)
 .rodata.str1.1
                0x038014fa        0xa /home/tomas/.local/share/vex/20190124_15_51_00/vexv5/libv5rt.a(vex_task.cpp.obj)
 .rodata.str1.1
                0x038014fa       0x1a /home/tomas/.local/share/vex/20190124_15_51_00/vexv5/libv5rt.a(vex_brain.cpp.obj)
 *fill*         0x038014fa        0x6 
 .rodata._ZTVN3vex7triportE
                0x03801500       0x10 /home/tomas/.local/share/vex/20190124_15_51_00/vexv5/libv5rt.a(vex_triport.cpp.obj)
                0x03801500                vtable for vex::triport
 .rodata._ZN3vex6PORT22E
                0x03801510        0x4 /home/tomas/.local/share/vex/20190124_15_51_00/vexv5/libv5rt.a(vex_global.cpp.obj)
                0x03801510                vex::PORT22
 *fill*         0x03801514        0x4 
 .rodata._ZTVN3vex6deviceE
                0x03801518       0x10 /home/tomas/.local/share/vex/20190124_15_51_00/vexv5/libv5rt.a(vex_device.cpp.obj)
                0x03801518                vtable for vex::device
 .rodata.str1.4
                0x03801528        0x2 /home/tomas/.local/share/vex/20190124_15_51_00/vexv5/gcc/libs/libc.a(lib_a-impure.o)
 *(.gnu.linkonce.r.*)
                0x0380152a                        __rodata_end = .

.rodata1        0x0380152a        0x0
                0x0380152a                        __rodata1_start = .
 *(.rodata1)
 *(.rodata1.*)
                0x0380152a                        __rodata1_end = .

.sdata2         0x0380152a        0x0
                0x0380152a                        __sdata2_start = .
 *(.sdata2)
 *(.sdata2.*)
 *(.gnu.linkonce.s2.*)
                0x0380152a                        __sdata2_end = .

.sbss2          0x0380152a        0x0
                0x0380152a                        __sbss2_start = .
 *(.sbss2)
 *(.sbss2.*)
 *(.gnu.linkonce.sb2.*)
                0x0380152a                        __sbss2_end = .

.data           0x03801530      0x434
                0x03801530                        __data_start = .
 *(.data)
 *(.data.*)
 .data.appRunning
                0x03801530        0x4 /home/tomas/.local/share/vex/20190124_15_51_00/vexv5/libv5rt.a(v5_startup.c.obj)
                0x03801530                appRunning
 *fill*         0x03801534        0x4 
 .data.impure_data
                0x03801538      0x428 /home/tomas/.local/share/vex/20190124_15_51_00/vexv5/gcc/libs/libc.a(lib_a-impure.o)
 .data._impure_ptr
                0x03801960        0x4 /home/tomas/.local/share/vex/20190124_15_51_00/vexv5/gcc/libs/libc.a(lib_a-impure.o)
                0x03801960                _impure_ptr
 *(.gnu.linkonce.d.*)
 *(.jcr)
 *(.got)
 *(.got.plt)
                0x03801964                        __data_end = .

.igot.plt       0x03801964        0x0
 .igot.plt      0x03801964        0x0 build/src/main.o

.data1          0x03801964        0x0
                0x03801964                        __data1_start = .
 *(.data1)
 *(.data1.*)
                0x03801964                        __data1_end = .

.got
 *(.got)

.ctors          0x03801964        0x0
                0x03801964                        __CTOR_LIST__ = .
                0x03801964                        ___CTORS_LIST___ = .
 *crtbegin.o(.ctors)
 *(EXCLUDE_FILE(*crtend.o) .ctors)
 *(SORT_BY_NAME(.ctors.*))
 *(.ctors)
                0x03801964                        __CTOR_END__ = .
                0x03801964                        ___CTORS_END___ = .

.dtors          0x03801964        0x0
                0x03801964                        __DTOR_LIST__ = .
                0x03801964                        ___DTORS_LIST___ = .
 *crtbegin.o(.dtors)
 *(EXCLUDE_FILE(*crtend.o) .dtors)
 *(SORT_BY_NAME(.dtors.*))
 *(.dtors)
                0x03801964                        __DTOR_END__ = .
                0x03801964                        ___DTORS_END___ = .

.fixup          0x03801964        0x0
                0x03801964                        __fixup_start = .
 *(.fixup)
                0x03801964                        __fixup_end = .

.eh_frame
 *(.eh_frame)

.eh_framehdr    0x03801964        0x0
                0x03801964                        __eh_framehdr_start = .
 *(.eh_framehdr)
                0x03801964                        __eh_framehdr_end = .

.gcc_except_table
 *(.gcc_except_table)

.mmu_tbl        0x03804000        0x0
                0x03804000                        __mmu_tbl_start = .
 *(.mmu_tbl)
                0x03804000                        __mmu_tbl_end = .

.ARM.exidx      0x03801964        0x8
                0x03801964                        __exidx_start = .
 *(.ARM.exidx*)
 .ARM.exidx.text.main
                0x03801964        0x8 build/src/main.o
 .ARM.exidx.text._ZL10autonomousv
                0x0380196c        0x0 build/src/main.o
                                  0x8 (size before relaxing)
 .ARM.exidx.text._ZL11usercontrolv
                0x0380196c        0x0 build/src/main.o
                                  0x8 (size before relaxing)
 .ARM.exidx.text._GLOBAL__sub_I_main.cpp
                0x0380196c        0x0 build/src/main.o
                                  0x8 (size before relaxing)
 *(.gnu.linkonce.armexidix.*.*)
                0x0380196c                        __exidx_end = .

.rel.dyn        0x0380196c        0x0
 .rel.iplt      0x0380196c        0x0 build/src/main.o

.preinit_array  0x0380196c        0x0
                0x0380196c                        __preinit_array_start = .
 *(SORT_BY_NAME(.preinit_array.*))
 *(.preinit_array)
                0x0380196c                        __preinit_array_end = .

.init_array     0x0380196c        0xc
                0x0380196c                        __init_array_start = .
 *(SORT_BY_NAME(.init_array.*))
 *(.init_array)
 .init_array    0x0380196c        0x4 build/src/main.o
 .init_array    0x03801970        0x4 /home/tomas/.local/share/vex/20190124_15_51_00/vexv5/libv5rt.a(vex_triport.cpp.obj)
 .init_array    0x03801974        0x4 /home/tomas/.local/share/vex/20190124_15_51_00/vexv5/libv5rt.a(vex_color.cpp.obj)
                0x03801978                        __init_array_end = .

.fini_array     0x03801978        0x0
                0x03801978                        __fini_array_start = .
 *(SORT_BY_NAME(.fini_array.*))
 *(.fini_array)
                0x03801978                        __fini_array_end = .

.ARM.attributes
                0x03801978       0x3c
                0x03801978                        __ARM.attributes_start = .
 *(.ARM.attributes)
 .ARM.attributes
                0x03801978       0x3a build/src/main.o
 .ARM.attributes
                0x038019b2       0x35 /home/tomas/.local/share/vex/20190124_15_51_00/vexv5/libv5rt.a(v5_startup.c.obj)
 .ARM.attributes
                0x038019e7       0x35 /home/tomas/.local/share/vex/20190124_15_51_00/vexv5/libv5rt.a(v5_util.c.obj)
 .ARM.attributes
                0x03801a1c       0x35 /home/tomas/.local/share/vex/20190124_15_51_00/vexv5/libv5rt.a(v5_apijump.c.obj)
 .ARM.attributes
                0x03801a51       0x35 /home/tomas/.local/share/vex/20190124_15_51_00/vexv5/libv5rt.a(v5_apiversions.c.obj)
 .ARM.attributes
                0x03801a86       0x35 /home/tomas/.local/share/vex/20190124_15_51_00/vexv5/libv5rt.a(vex_task.cpp.obj)
 .ARM.attributes
                0x03801abb       0x35 /home/tomas/.local/share/vex/20190124_15_51_00/vexv5/libv5rt.a(vex_brain.cpp.obj)
 .ARM.attributes
                0x03801af0       0x35 /home/tomas/.local/share/vex/20190124_15_51_00/vexv5/libv5rt.a(vex_competition.cpp.obj)
 .ARM.attributes
                0x03801b25       0x35 /home/tomas/.local/share/vex/20190124_15_51_00/vexv5/libv5rt.a(vex_triport.cpp.obj)
 .ARM.attributes
                0x03801b5a       0x35 /home/tomas/.local/share/vex/20190124_15_51_00/vexv5/libv5rt.a(vex_color.cpp.obj)
 .ARM.attributes
                0x03801b8f       0x35 /home/tomas/.local/share/vex/20190124_15_51_00/vexv5/libv5rt.a(vex_timer.cpp.obj)
 .ARM.attributes
                0x03801bc4       0x35 /home/tomas/.local/share/vex/20190124_15_51_00/vexv5/libv5rt.a(v5_apiuser.c.obj)
 .ARM.attributes
                0x03801bf9       0x35 /home/tomas/.local/share/vex/20190124_15_51_00/vexv5/libv5rt.a(vex_global.cpp.obj)
 .ARM.attributes
                0x03801c2e       0x35 /home/tomas/.local/share/vex/20190124_15_51_00/vexv5/libv5rt.a(vex_device.cpp.obj)
 .ARM.attributes
                0x03801c63       0x35 /home/tomas/.local/share/vex/20190124_15_51_00/vexv5/libv5rt.a(vex_event.cpp.obj)
 .ARM.attributes
                0x03801c98       0x35 /home/tomas/.local/share/vex/20190124_15_51_00/vexv5/libv5rt.a(vex_mevent.cpp.obj)
 .ARM.attributes
                0x03801ccd       0x2b /home/tomas/.local/share/vex/20190124_15_51_00/vexv5/gcc/libs/libc.a(lib_a-fini.o)
 .ARM.attributes
                0x03801cf8       0x2b /home/tomas/.local/share/vex/20190124_15_51_00/vexv5/gcc/libs/libc.a(lib_a-impure.o)
 .ARM.attributes
                0x03801d23       0x2b /home/tomas/.local/share/vex/20190124_15_51_00/vexv5/gcc/libs/libc.a(lib_a-init.o)
                0x03801d4e                        __ARM.attributes_end = .

.sdata          0x03801978        0x0
                0x03801978                        __sdata_start = .
 *(.sdata)
 *(.sdata.*)
 *(.gnu.linkonce.s.*)
                0x03801978                        __sdata_end = .

.sbss           0x03801978        0x0
                0x03801978                        __sbss_start = .
 *(.sbss)
 *(.sbss.*)
 *(.gnu.linkonce.sb.*)
                0x03801978                        __sbss_end = .

.tdata          0x03801978        0x0
                0x03801978                        __tdata_start = .
 *(.tdata)
 *(.tdata.*)
 *(.gnu.linkonce.td.*)
                0x03801978                        __tdata_end = .

.tbss           0x03801978        0x0
                0x03801978                        __tbss_start = .
 *(.tbss)
 *(.tbss.*)
 *(.gnu.linkonce.tb.*)
                0x03801978                        __tbss_end = .

.bss            0x03801978      0x371
                0x03801978                        __bss_start = .
 *(.bss)
 *(.bss.*)
 .bss.Brain     0x03801978      0x2e0 build/src/main.o
                0x03801978                Brain
 .bss.Competition
                0x03801c58       0x28 build/src/main.o
                0x03801c58                Competition
 .bss.__dso_handle
                0x03801c80        0x4 /home/tomas/.local/share/vex/20190124_15_51_00/vexv5/libv5rt.a(v5_startup.c.obj)
                0x03801c80                __dso_handle
 .bss._ZN3vex4task8_labelIdE
                0x03801c84        0x4 /home/tomas/.local/share/vex/20190124_15_51_00/vexv5/libv5rt.a(vex_task.cpp.obj)
                0x03801c84                vex::task::_labelId
 .bss._ZN3vex11competition22bStopTasksBetweenModesE
                0x03801c88        0x1 /home/tomas/.local/share/vex/20190124_15_51_00/vexv5/libv5rt.a(vex_competition.cpp.obj)
                0x03801c88                vex::competition::bStopTasksBetweenModes
 .bss._ZN3vex11competition25bStopAllTasksBetweenModesE
                0x03801c89        0x1 /home/tomas/.local/share/vex/20190124_15_51_00/vexv5/libv5rt.a(vex_competition.cpp.obj)
                0x03801c89                vex::competition::bStopAllTasksBetweenModes
 .bss._ZN3vex11competition14_auton_pendingE
                0x03801c8a        0x1 /home/tomas/.local/share/vex/20190124_15_51_00/vexv5/libv5rt.a(vex_competition.cpp.obj)
                0x03801c8a                vex::competition::_auton_pending
 *fill*         0x03801c8b        0x1 
 .bss._ZN3vex11competition20_autonomous_callbackE
                0x03801c8c        0x4 /home/tomas/.local/share/vex/20190124_15_51_00/vexv5/libv5rt.a(vex_competition.cpp.obj)
                0x03801c8c                vex::competition::_autonomous_callback
 .bss._ZN3vex11competition23_drivercontrol_callbackE
                0x03801c90        0x4 /home/tomas/.local/share/vex/20190124_15_51_00/vexv5/libv5rt.a(vex_competition.cpp.obj)
                0x03801c90                vex::competition::_drivercontrol_callback
 .bss._ZN3vex11competition15_driver_pendingE
                0x03801c94        0x1 /home/tomas/.local/share/vex/20190124_15_51_00/vexv5/libv5rt.a(vex_competition.cpp.obj)
                0x03801c94                vex::competition::_driver_pending
 .bss._ZStL8__ioinit
                0x03801c95        0x1 /home/tomas/.local/share/vex/20190124_15_51_00/vexv5/libv5rt.a(vex_triport.cpp.obj)
 *fill*         0x03801c96        0x2 
 .bss._ZN3vex5color6orangeE
                0x03801c98        0x8 /home/tomas/.local/share/vex/20190124_15_51_00/vexv5/libv5rt.a(vex_color.cpp.obj)
                0x03801c98                vex::color::orange
 .bss._ZN3vex5color5blackE
                0x03801ca0        0x8 /home/tomas/.local/share/vex/20190124_15_51_00/vexv5/libv5rt.a(vex_color.cpp.obj)
                0x03801ca0                vex::color::black
 .bss._ZN3vex5color6yellowE
                0x03801ca8        0x8 /home/tomas/.local/share/vex/20190124_15_51_00/vexv5/libv5rt.a(vex_color.cpp.obj)
                0x03801ca8                vex::color::yellow
 .bss._ZN3vex5color5greenE
                0x03801cb0        0x8 /home/tomas/.local/share/vex/20190124_15_51_00/vexv5/libv5rt.a(vex_color.cpp.obj)
                0x03801cb0                vex::color::green
 .bss._ZN3vex5color6purpleE
                0x03801cb8        0x8 /home/tomas/.local/share/vex/20190124_15_51_00/vexv5/libv5rt.a(vex_color.cpp.obj)
                0x03801cb8                vex::color::purple
 .bss._ZN3vex5color4cyanE
                0x03801cc0        0x8 /home/tomas/.local/share/vex/20190124_15_51_00/vexv5/libv5rt.a(vex_color.cpp.obj)
                0x03801cc0                vex::color::cyan
 .bss._ZN3vex5color4blueE
                0x03801cc8        0x8 /home/tomas/.local/share/vex/20190124_15_51_00/vexv5/libv5rt.a(vex_color.cpp.obj)
                0x03801cc8                vex::color::blue
 .bss._ZN3vex5color3redE
                0x03801cd0        0x8 /home/tomas/.local/share/vex/20190124_15_51_00/vexv5/libv5rt.a(vex_color.cpp.obj)
                0x03801cd0                vex::color::red
 .bss._ZN3vex5color11transparentE
                0x03801cd8        0x8 /home/tomas/.local/share/vex/20190124_15_51_00/vexv5/libv5rt.a(vex_color.cpp.obj)
                0x03801cd8                vex::color::transparent
 .bss._ZN3vex5color5whiteE
                0x03801ce0        0x8 /home/tomas/.local/share/vex/20190124_15_51_00/vexv5/libv5rt.a(vex_color.cpp.obj)
                0x03801ce0                vex::color::white
 *(.gnu.linkonce.b.*)
 *(COMMON)
 COMMON         0x03801ce8        0x1 /home/tomas/.local/share/vex/20190124_15_51_00/vexv5/libv5rt.a(v5_startup.c.obj)
                0x03801ce8                __vex_critical_section
                0x03801ce9                        __bss_end = .
                0x03801978                        _SDA_BASE_ = (__sdata_start + ((__sbss_end - __sdata_start) / 0x2))
                0x0380152a                        _SDA2_BASE_ = (__sdata2_start + ((__sbss2_end - __sdata2_start) / 0x2))

.heap           0x03801ce9   0x100007
                0x03801cf0                        . = ALIGN (0x10)
 *fill*         0x03801ce9        0x7 
                0x03801cf0                        _heap = .
                0x03801cf0                        HeapBase = .
                0x03801cf0                        _heap_start = .
                0x03901cf0                        . = (. + _HEAP_SIZE)
 *fill*         0x03801cf0   0x100000 
                0x03901cf0                        _heap_end = .
                0x03901cf0                        HeapLimit = .

.stack          0x03901cf0     0x3800
                0x03901cf0                        . = ALIGN (0x10)
                0x03901cf0                        _stack_end = .
                0x03903cf0                        . = (. + _STACK_SIZE)
 *fill*         0x03901cf0     0x2000 
                0x03903cf0                        . = ALIGN (0x10)
                0x03903cf0                        _stack = .
                0x03903cf0                        __stack = _stack
                0x03903cf0                        . = ALIGN (0x10)
                0x03903cf0                        _irq_stack_end = .
                0x039040f0                        . = (. + _IRQ_STACK_SIZE)
 *fill*         0x03903cf0      0x400 
                0x039040f0                        . = ALIGN (0x10)
                0x039040f0                        __irq_stack = .
                0x039040f0                        _supervisor_stack_end = .
                0x039048f0                        . = (. + _SUPERVISOR_STACK_SIZE)
 *fill*         0x039040f0      0x800 
                0x039048f0                        . = ALIGN (0x10)
                0x039048f0                        __supervisor_stack = .
                0x039048f0                        _abort_stack_end = .
                0x03904cf0                        . = (. + _ABORT_STACK_SIZE)
 *fill*         0x039048f0      0x400 
                0x03904cf0                        . = ALIGN (0x10)
                0x03904cf0                        __abort_stack = .
                0x03904cf0                        _fiq_stack_end = .
                0x039050f0                        . = (. + _FIQ_STACK_SIZE)
 *fill*         0x03904cf0      0x400 
                0x039050f0                        . = ALIGN (0x10)
                0x039050f0                        __fiq_stack = .
                0x039050f0                        _undef_stack_end = .
                0x039054f0                        . = (. + _UNDEF_STACK_SIZE)
 *fill*         0x039050f0      0x400 
                0x039054f0                        . = ALIGN (0x10)
                0x039054f0                        __undef_stack = .
                0x039054f0                        _end = .
LOAD /home/tomas/.local/share/vex/20190124_15_51_00/vexv5/stdlib_0.lib
LOAD build/src/main.o
START GROUP
LOAD /home/tomas/.local/share/vex/20190124_15_51_00/vexv5/libv5rt.a
LOAD /home/tomas/.local/share/vex/20190124_15_51_00/vexv5/gcc/libs/libstdc++.a
LOAD /home/tomas/.local/share/vex/20190124_15_51_00/vexv5/gcc/libs/libc.a
LOAD /home/tomas/.local/share/vex/20190124_15_51_00/vexv5/gcc/libs/libm.a
LOAD /home/tomas/.local/share/vex/20190124_15_51_00/vexv5/gcc/libs/libgcc.a
END GROUP
OUTPUT(build/ROBO2RG05AU.elf elf32-littlearm)
LOAD linker stubs

.comment        0x00000000       0x85
 .comment       0x00000000       0x85 build/src/main.o
                                 0x16 (size before relaxing)
 .comment       0x00000085       0x71 /home/tomas/.local/share/vex/20190124_15_51_00/vexv5/libv5rt.a(v5_startup.c.obj)
 .comment       0x00000085       0x71 /home/tomas/.local/share/vex/20190124_15_51_00/vexv5/libv5rt.a(v5_util.c.obj)
 .comment       0x00000085       0x71 /home/tomas/.local/share/vex/20190124_15_51_00/vexv5/libv5rt.a(v5_apijump.c.obj)
 .comment       0x00000085       0x71 /home/tomas/.local/share/vex/20190124_15_51_00/vexv5/libv5rt.a(v5_apiversions.c.obj)
 .comment       0x00000085       0x71 /home/tomas/.local/share/vex/20190124_15_51_00/vexv5/libv5rt.a(vex_task.cpp.obj)
 .comment       0x00000085       0x71 /home/tomas/.local/share/vex/20190124_15_51_00/vexv5/libv5rt.a(vex_brain.cpp.obj)
 .comment       0x00000085       0x71 /home/tomas/.local/share/vex/20190124_15_51_00/vexv5/libv5rt.a(vex_competition.cpp.obj)
 .comment       0x00000085       0x71 /home/tomas/.local/share/vex/20190124_15_51_00/vexv5/libv5rt.a(vex_triport.cpp.obj)
 .comment       0x00000085       0x71 /home/tomas/.local/share/vex/20190124_15_51_00/vexv5/libv5rt.a(vex_color.cpp.obj)
 .comment       0x00000085       0x71 /home/tomas/.local/share/vex/20190124_15_51_00/vexv5/libv5rt.a(vex_timer.cpp.obj)
 .comment       0x00000085       0x71 /home/tomas/.local/share/vex/20190124_15_51_00/vexv5/libv5rt.a(v5_apiuser.c.obj)
 .comment       0x00000085       0x71 /home/tomas/.local/share/vex/20190124_15_51_00/vexv5/libv5rt.a(vex_global.cpp.obj)
 .comment       0x00000085       0x71 /home/tomas/.local/share/vex/20190124_15_51_00/vexv5/libv5rt.a(vex_device.cpp.obj)
 .comment       0x00000085       0x71 /home/tomas/.local/share/vex/20190124_15_51_00/vexv5/libv5rt.a(vex_event.cpp.obj)
 .comment       0x00000085       0x71 /home/tomas/.local/share/vex/20190124_15_51_00/vexv5/libv5rt.a(vex_mevent.cpp.obj)

.note.GNU-stack
                0x00000000        0x0
 .note.GNU-stack
                0x00000000        0x0 build/src/main.o

.debug_frame    0x00000000       0x60
 .debug_frame   0x00000000       0x34 /home/tomas/.local/share/vex/20190124_15_51_00/vexv5/gcc/libs/libc.a(lib_a-fini.o)
 .debug_frame   0x00000034       0x2c /home/tomas/.local/share/vex/20190124_15_51_00/vexv5/gcc/libs/libc.a(lib_a-init.o)
